[generate 1] phase=seed done=false
  cand 1/3.1: graph_authoring_guide,graph_authoring_guide,graph_authoring_guide
  cand 1/3.2: graph_mutate
  candidate 1/3: tier=block focus(-)=+0.00 total=+0.00 Δm=+0.00 mutations=0
  cand 2/3.1: graph_authoring_guide,graph_authoring_guide,graph_authoring_guide
  cand 2/3.2: graph_mutate
  candidate 2/3: tier=block focus(-)=+0.00 total=+0.00 Δm=+0.00 mutations=0
  cand 3/3.1: graph_authoring_guide,graph_authoring_guide,graph_authoring_guide
  cand 3/3.2: (no calls)
  candidate 3/3: tier=suggest focus(-)=+0.00 total=+2.33 Δm=+7.50 mutations=18
    pick: candidate 3 (judge=gate)
    winner applied (18 mutations)
[generate 2] phase=expand done=false
  cand 1/3.1: graph_authoring_guide,graph_authoring_guide,graph_authoring_guide
  cand 1/3.2: graph_mutate
  candidate 1/3: tier=suggest focus(uc)=+0.24 total=+1.24 Δm=-0.83 mutations=10
  cand 2/3.1: (no calls)
    idle: 
  cand 2/3.2: graph_elements
  cand 2/3.3: graph_elements
  cand 2/3.4: graph_authoring_guide
  cand 2/3.5: graph_mutate
  candidate 2/3: tier=auto-apply focus(uc)=+0.01 total=+0.01 Δm=+0.00 mutations=5
  cand 3/3.1: (no calls)
    idle: 
  cand 3/3.2: graph_authoring_guide,graph_authoring_guide,graph_authoring_guide
  cand 3/3.3: graph_elements
  cand 3/3.4: graph_mutate
  candidate 3/3: tier=block focus(uc)=+0.00 total=+0.00 Δm=+0.00 mutations=0
    pick: candidate 1 (judge=gate)
    winner applied (10 mutations)
[generate 3] phase=expand done=false
  cand 1/3.1: graph_authoring_guide,graph_authoring_guide,graph_authoring_guide
  cand 1/3.2: graph_elements,graph_elements,graph_elements
  cand 1/3.3: graph_elements,graph_elements
  cand 1/3.4: graph_elements
  cand 1/3.5: graph_elements
  cand 1/3.6: graph_mutate
  candidate 1/3: tier=suggest focus(uc)=+0.13 total=+0.01 Δm=-0.95 mutations=12
  cand 2/3.1: graph_authoring_guide,graph_authoring_guide,graph_elements
  cand 2/3.2: graph_elements,graph_elements
  cand 2/3.3: graph_mutate
  candidate 2/3: tier=suggest focus(uc)=+0.12 total=+0.12 Δm=-0.42 mutations=6
  cand 3/3.1: graph_authoring_guide,graph_authoring_guide,graph_authoring_guide,graph_elements,graph_elements
  cand 3/3.2: graph_elements
  cand 3/3.3: graph_mutate
  candidate 3/3: tier=suggest focus(uc)=+0.11 total=+0.11 Δm=+0.00 mutations=16
    pick: candidate 1 (judge=gate)
    winner applied (12 mutations)
[generate 4] phase=expand done=false
  cand 1/3.1: graph_elements
  cand 1/3.2: graph_elements
  cand 1/3.3: graph_authoring_guide
  cand 1/3.4: graph_authoring_guide
  cand 1/3.5: graph_authoring_guide
  cand 1/3.6: graph_mutate
  candidate 1/3: tier=suggest focus(alloc)=+0.88 total=+0.89 Δm=+11.07 mutations=4
  cand 2/3.1: graph_authoring_guide,graph_authoring_guide,graph_authoring_guide,graph_authoring_guide,graph_elements
  cand 2/3.2: graph_elements,graph_elements,graph_elements,graph_elements
  cand 2/3.3: graph_mutate
  candidate 2/3: tier=block focus(alloc)=+0.00 total=+0.00 Δm=+0.00 mutations=0
  cand 3/3.1: graph_authoring_guide,graph_authoring_guide,graph_authoring_guide
  cand 3/3.2: graph_mutate
    preflight: R-01 autocomplete: TEST-Stub TEST-verify-authentication + verify-Kante für REQ-authentication angehängt
    preflight: R-01 autocomplete: TEST-Stub TEST-verify-realtime-sync + verify-Kante für REQ-realtime-sync angehängt
    preflight: R-01 autocomplete: TEST-Stub TEST-verify-export + verify-Kante für REQ-export angehängt
  candidate 3/3: tier=suggest focus(alloc)=+0.92 total=+1.52 Δm=+10.50 mutations=18
    pick: candidate 3 (judge=gate)
    winner applied (18 mutations)
[generate 5] phase=expand done=false
  cand 1/3.1: graph_authoring_guide,graph_authoring_guide,graph_authoring_guide
  cand 1/3.2: graph_mutate
  candidate 1/3: tier=suggest focus(uc)=+0.04 total=+0.05 Δm=+0.00 mutations=5
  cand 2/3.1: graph_authoring_guide,graph_authoring_guide,graph_authoring_guide
  cand 2/3.2: graph_mutate
  candidate 2/3: tier=suggest focus(uc)=+0.04 total=+0.05 Δm=+0.00 mutations=8
  cand 3/3.1: graph_authoring_guide,graph_authoring_guide,graph_authoring_guide,graph_elements
  cand 3/3.2: graph_mutate
  candidate 3/3: tier=suggest focus(uc)=+0.04 total=+0.06 Δm=+0.00 mutations=8
    pick: candidate 1 (judge=gate)
    winner applied (5 mutations)
[generate 6] phase=expand done=false
  cand 1/3.1: graph_authoring_guide,graph_authoring_guide,graph_elements,graph_elements
  cand 1/3.2: (no calls)
  candidate 1/3: tier=auto-apply focus(uc)=-0.01 total=-0.01 Δm=+0.00 mutations=5
  cand 2/3.1: graph_authoring_guide,graph_authoring_guide,graph_authoring_guide
  cand 2/3.2: graph_elements,graph_elements
  cand 2/3.3: graph_mutate
  candidate 2/3: tier=auto-apply focus(uc)=-0.01 total=-0.01 Δm=+0.00 mutations=5
  cand 3/3.1: graph_authoring_guide,graph_authoring_guide
  cand 3/3.2: graph_elements,graph_elements
  cand 3/3.3: graph_mutate
    preflight hint: Hinweis (kein Blocker): UC-multiuser-webapp-grapheautorisierung ähnlich vorhanden: UC-multiuser-webapp „Multiuser Web App" (Ähnlichkeit 60%) — mergen oder differenzieren.
  candidate 3/3: tier=auto-apply focus(uc)=-0.01 total=-0.01 Δm=+0.00 mutations=5
    pick: candidate 1 (judge=gate)
    winner applied (5 mutations)
[generate 7] phase=expand done=false
  stagnation x1: same generate prompt as last round
  cand 1/3.1: (no calls)
    idle: 
  cand 1/3.2: (no calls)
    idle: 
  candidate 1/3: no batch
  cand 2/3.1: graph_authoring_guide,graph_authoring_guide,graph_authoring_guide
  cand 2/3.2: graph_mutate
    preflight blocked: R-08 add-edge targetId: uid "FC-manage-access" existiert weder im Graph noch im Batch.
    preflight blocked: R-08 add-edge targetId: uid "FC-manage-access" existiert weder im Graph noch im Batch.
    preflight blocked: R-08 add-edge targetId: uid "FC-view-graph" existiert weder im Graph noch im Batch.
    preflight blocked: R-08 add-edge targetId: uid "FC-view-graph" existiert weder im Graph noch im Batch.
  candidate 2/3: tier=preflight-block focus(uc)=+0.00 total=+0.00 Δm=+0.00 mutations=0
  cand 3/3.1: graph_elements,graph_elements
  cand 3/3.2: graph_get_node,graph_get_node
  cand 3/3.3: graph_elements,graph_elements
  cand 3/3.4: graph_authoring_guide
  cand 3/3.5: graph_authoring_guide,graph_authoring_guide
  cand 3/3.6: graph_mutate
  candidate 3/3: tier=suggest focus(uc)=+0.03 total=-0.06 Δm=+0.27 mutations=16
    pick: candidate 3 (judge=gate)
    winner applied (16 mutations)
[generate 8] phase=expand done=false
  cand 1/3.1: graph_authoring_guide,graph_authoring_guide,graph_elements
  cand 1/3.2: graph_elements,graph_elements,graph_elements
  cand 1/3.3: graph_mutate
  candidate 1/3: tier=suggest focus(schema)=+0.69 total=+0.70 Δm=-1.66 mutations=8
  cand 2/3.1: graph_authoring_guide,graph_authoring_guide
  cand 2/3.2: graph_elements,graph_elements
  cand 2/3.3: graph_mutate
  candidate 2/3: tier=suggest focus(schema)=+0.69 total=+0.70 Δm=-1.66 mutations=7
  cand 3/3.1: graph_authoring_guide,graph_authoring_guide,graph_elements,graph_elements,graph_elements
  cand 3/3.2: graph_mutate
  candidate 3/3: tier=suggest focus(schema)=+0.69 total=+0.65 Δm=-1.66 mutations=7
    pick: candidate 1 (judge=gate)
    winner applied (8 mutations)
[generate 9] phase=expand done=false
  cand 1/3.1: graph_elements,graph_elements,graph_authoring_guide,graph_authoring_guide
  cand 1/3.2: graph_mutate
  candidate 1/3: tier=auto-apply focus(schema)=+0.31 total=+0.31 Δm=+0.37 mutations=7
  cand 2/3.1: graph_elements
  cand 2/3.2: graph_authoring_guide
  cand 2/3.3: graph_mutate
  candidate 2/3: tier=auto-apply focus(schema)=+0.31 total=+0.31 Δm=-0.00 mutations=8
  cand 3/3.1: graph_authoring_guide,graph_authoring_guide,graph_elements,graph_elements
  cand 3/3.2: graph_mutate
  candidate 3/3: tier=auto-apply focus(schema)=+0.31 total=+0.31 Δm=+0.37 mutations=7
    pick: candidate 2 (judge=gate)
    winner applied (8 mutations)
[generate 10] phase=expand done=false
  cand 1/3.1: graph_elements,graph_authoring_guide
  cand 1/3.2: graph_mutate
  candidate 1/3: tier=suggest focus(uc)=+0.03 total=-0.38 Δm=-0.56 mutations=18
  cand 2/3.1: graph_elements
  cand 2/3.2: graph_authoring_guide
  cand 2/3.3: graph_mutate
  candidate 2/3: tier=suggest focus(uc)=+0.03 total=-0.38 Δm=-0.56 mutations=18
  cand 3/3.1: graph_authoring_guide,graph_authoring_guide
  cand 3/3.2: graph_elements
  cand 3/3.3: graph_elements,graph_elements,graph_elements
  cand 3/3.4: graph_mutate
  candidate 3/3: tier=suggest focus(uc)=+0.03 total=-0.38 Δm=-0.56 mutations=18
    pick: candidate 1 (judge=gate)
    winner applied (18 mutations)
[generate 11] phase=expand done=false
  cand 1/3.1: graph_elements
  cand 1/3.2: graph_elements
  cand 1/3.3: graph_elements
  cand 1/3.4: graph_elements
  cand 1/3.5: graph_mutate
  candidate 1/3: tier=block focus(alloc)=+0.00 total=+0.00 Δm=+0.00 mutations=0
  cand 2/3.1: graph_elements
  cand 2/3.2: graph_elements
  cand 2/3.3: graph_mutate
  candidate 2/3: tier=suggest focus(alloc)=+0.23 total=+0.24 Δm=+0.48 mutations=6
  cand 3/3.1: graph_elements
  cand 3/3.2: graph_readiness
  cand 3/3.3: graph_elements
  cand 3/3.4: graph_authoring_guide
  cand 3/3.5: graph_mutate
  candidate 3/3: tier=suggest focus(alloc)=+0.19 total=+0.20 Δm=+0.56 mutations=4
    pick: candidate 2 (judge=gate)
    winner applied (6 mutations)
[generate 12] phase=expand done=false
  cand 1/3.1: graph_elements,graph_authoring_guide,graph_authoring_guide
  cand 1/3.2: graph_mutate
  candidate 1/3: tier=block focus(req)=+0.00 total=+0.00 Δm=+0.00 mutations=0
  cand 2/3.1: graph_elements
  cand 2/3.2: graph_elements
  cand 2/3.3: graph_authoring_guide,graph_authoring_guide,graph_authoring_guide
  cand 2/3.4: graph_mutate
  candidate 2/3: tier=suggest focus(req)=+0.02 total=+0.08 Δm=+0.00 mutations=76
  cand 3/3.1: graph_elements,graph_elements
  cand 3/3.2: graph_elements
  cand 3/3.3: graph_elements
  cand 3/3.4: graph_get_node,graph_get_node,graph_get_node
  cand 3/3.5: graph_elements
  cand 3/3.6: graph_get_node,graph_get_node
  candidate 3/3: no batch
    pick: candidate 2 (judge=gate)
    winner applied (76 mutations)
