[generate 1] phase=seed done=false
  1.1: (no calls)
    idle: 
[generate 1] phase=seed done=false
  cand 1/3.1: (no calls)
    idle: 
  cand 1/3.2: graph_mutate
  candidate 1/3: tier=block focus(-)=+0.00 total=+0.00 Δm=+0.00 mutations=0
  cand 2/3.1: graph_mutate
  candidate 2/3: tier=suggest focus(-)=+0.00 total=+2.35 Δm=+7.50 mutations=19
  cand 3/3.1: graph_authoring_guide,graph_authoring_guide,graph_authoring_guide
  cand 3/3.2: graph_mutate
  candidate 3/3: tier=suggest focus(-)=+0.00 total=+2.34 Δm=+6.67 mutations=33
    pick: candidate 2 (judge=gate)
    winner applied (19 mutations)
[generate 2] phase=expand done=false
  cand 1/3.1: (no calls)
    preflight: R-01 autocomplete: TEST-Stub TEST-verify-01 + verify-Kante für REQ-01 angehängt
    preflight: R-01 autocomplete: TEST-Stub TEST-verify-02 + verify-Kante für REQ-02 angehängt
    preflight: R-01 autocomplete: TEST-Stub TEST-verify-03 + verify-Kante für REQ-03 angehängt
  candidate 1/3: tier=suggest focus(uc)=+0.28 total=+1.96 Δm=-1.50 mutations=24
  cand 2/3.1: (no calls)
    idle: 
  cand 2/3.2: graph_mutate
  candidate 2/3: tier=block focus(uc)=+0.00 total=+0.00 Δm=+0.00 mutations=0
  cand 3/3.1: (no calls)
  candidate 3/3: tier=suggest focus(uc)=+0.26 total=+1.26 Δm=+0.00 mutations=6
    pick: candidate 1 (judge=gate)
    winner applied (24 mutations)
[generate 3] phase=expand done=false
  cand 1/3.1: (no calls)
    idle: 
  cand 1/3.2: (no calls)
    idle: 
  candidate 1/3: no batch
  cand 2/3.1: (no calls)
  candidate 2/3: tier=auto-apply focus(alloc)=+1.00 total=+1.02 Δm=+10.25 mutations=9
  cand 3/3.1: graph_mutate
  candidate 3/3: tier=auto-apply focus(alloc)=+1.00 total=+1.02 Δm=+10.25 mutations=6
    pick: candidate 2 (judge=gate)
    winner applied (9 mutations)
[generate 4] phase=expand done=false
  cand 1/3.1: (no calls)
    idle:   
  cand 1/3.2: (no calls)
    idle: 
  candidate 1/3: no batch
  cand 2/3.1: (no calls)
    idle: 
  cand 2/3.2: graph_mutate
  candidate 2/3: tier=suggest focus(uc)=+0.06 total=+0.07 Δm=+0.00 mutations=2
  cand 3/3.1: (no calls)
    idle: 
  cand 3/3.2: graph_mutate
    preflight: R-01 autocomplete: TEST-Stub TEST-verify-04 + verify-Kante für REQ-04 angehängt
  candidate 3/3: tier=suggest focus(uc)=+0.00 total=+0.01 Δm=+0.00 mutations=8
    pick: candidate 2 (judge=gate)
    winner applied (2 mutations)
[generate 5] phase=expand done=false
  cand 1/3.1: (no calls)
    idle: 
  cand 1/3.2: graph_mutate
  candidate 1/3: tier=auto-apply focus(uc)=+0.00 total=+0.00 Δm=+0.00 mutations=8
  cand 2/3.1: graph_mutate
  candidate 2/3: tier=block focus(uc)=+0.00 total=+0.00 Δm=+0.00 mutations=0
  cand 3/3.1: (no calls)
    idle: 
  cand 3/3.2: (no calls)
    idle:   Der emittierte Batch wurde erfolgreich durch das Apply-Gate (success: true) angenommen und im Graphen persistiert.  **Zusammenfassung der Änderungen:** - 3 ne
  candidate 3/3: no batch
    pick: candidate 1 (judge=gate)
    winner applied (8 mutations)
[generate 6] phase=expand done=false
  stagnation x1: same generate prompt as last round
  cand 1/3.1: (no calls)
    preflight: R-01 autocomplete: TEST-Stub TEST-verify-04 + verify-Kante für REQ-04 angehängt
  candidate 1/3: tier=suggest focus(uc)=-0.01 total=-0.01 Δm=+0.00 mutations=14
  cand 2/3.1: graph_mutate
  candidate 2/3: tier=suggest focus(uc)=+0.06 total=+0.07 Δm=-3.18 mutations=18
  cand 3/3.1: graph_mutate
  candidate 3/3: tier=auto-apply focus(uc)=+0.00 total=+0.00 Δm=+0.00 mutations=6
    pick: candidate 2 (judge=gate)
    winner applied (18 mutations)
[generate 7] phase=expand done=false
  cand 1/3.1: graph_mutate
  candidate 1/3: tier=suggest focus(schema)=+0.58 total=+0.58 Δm=+0.76 mutations=5
  cand 2/3.1: (no calls)
  candidate 2/3: tier=suggest focus(schema)=+0.60 total=+0.60 Δm=+0.36 mutations=6
  cand 3/3.1: (no calls)
    idle: 
  cand 3/3.2: (no calls)
  candidate 3/3: tier=suggest focus(schema)=+0.80 total=+0.80 Δm=+1.59 mutations=9
    pick: candidate 3 (judge=gate)
    winner applied (9 mutations)
[generate 8] phase=expand done=false
  cand 1/3.1: (no calls)
  candidate 1/3: tier=suggest focus(uc)=+0.01 total=-0.20 Δm=-0.03 mutations=6
  cand 2/3.1: graph_mutate
  candidate 2/3: tier=suggest focus(uc)=+0.01 total=-0.20 Δm=-0.03 mutations=6
  cand 3/3.1: (no calls)
  candidate 3/3: tier=suggest focus(uc)=+0.04 total=-0.44 Δm=-0.34 mutations=21
    pick: candidate 3 (judge=gate)
    winner applied (21 mutations)
[generate 9] phase=expand done=false
  cand 1/3.1: (no calls)
    idle: 
  cand 1/3.2: (no calls)
    idle: 
  candidate 1/3: no batch
  cand 2/3.1: (no calls)
    idle: 
  cand 2/3.2: graph_mutate
  candidate 2/3: tier=suggest focus(alloc)=+0.13 total=+0.13 Δm=+1.01 mutations=3
  cand 3/3.1: graph_mutate
  candidate 3/3: tier=suggest focus(alloc)=+0.13 total=+0.13 Δm=+1.01 mutations=3
    pick: candidate 2 (judge=gate)
    winner applied (3 mutations)
[generate 10] phase=expand done=false
  cand 1/3.1: (no calls)
    idle: 
  cand 1/3.2: graph_mutate
  candidate 1/3: tier=suggest focus(alloc)=+0.17 total=+0.18 Δm=+0.11 mutations=6
  cand 2/3.1: graph_mutate
  candidate 2/3: tier=suggest focus(alloc)=+0.13 total=+0.13 Δm=-0.22 mutations=3
  cand 3/3.1: (no calls)
  candidate 3/3: tier=suggest focus(alloc)=+0.08 total=+0.08 Δm=-0.07 mutations=2
    pick: candidate 1 (judge=gate)
    winner applied (6 mutations)
[generate 11] phase=expand done=false
  cand 1/3.1: (no calls)
    idle: 
  cand 1/3.2: graph_mutate
  candidate 1/3: tier=block focus(uc)=+0.00 total=+0.00 Δm=+0.00 mutations=0
  cand 2/3.1: graph_mutate
  candidate 2/3: tier=suggest focus(uc)=+0.02 total=-0.08 Δm=-0.62 mutations=8
  cand 3/3.1: graph_mutate
  candidate 3/3: tier=auto-apply focus(uc)=+0.00 total=+0.00 Δm=+0.00 mutations=2
    pick: candidate 2 (judge=gate)
    winner applied (8 mutations)
[generate 12] phase=expand done=false
  cand 1/3.1: (no calls)
    idle: 
  cand 1/3.2: (no calls)
    idle: 
  candidate 1/3: no batch
  cand 2/3.1: (no calls)
  candidate 2/3: tier=auto-apply focus(schema)=+0.12 total=+0.12 Δm=+0.09 mutations=8
  cand 3/3.1: graph_mutate
  candidate 3/3: tier=block focus(schema)=+0.00 total=+0.00 Δm=+0.00 mutations=0
    pick: candidate 2 (judge=gate)
    winner applied (8 mutations)
