[generate 1] phase=seed done=false
  cand 1/3.1: graph_authoring_guide,graph_authoring_guide,graph_authoring_guide
  cand 1/3: call failed (fetch failed) — skip
  candidate 1/3: no batch
  cand 2/3.1: graph_authoring_guide,graph_authoring_guide,graph_authoring_guide
  cand 2/3.2: graph_mutate
  candidate 2/3: tier=suggest focus(-)=+0.00 total=+2.38 Δm=+7.50 mutations=13
  cand 3/3.1: graph_authoring_guide,graph_authoring_guide,graph_authoring_guide
  cand 3/3.2: graph_mutate
  candidate 3/3: tier=suggest focus(-)=+0.00 total=+2.33 Δm=+7.50 mutations=18
    pick: candidate 2 (judge=gate)
    winner applied (13 mutations)
[generate 2] phase=expand done=false
  cand 1/3.1: graph_authoring_guide
  cand 1/3.2: (no calls)
    recovered text tool-call graph_authoring_guide
  cand 1/3.3: (no calls)
  candidate 1/3: tier=suggest focus(uc)=+0.31 total=+1.31 Δm=+0.00 mutations=6
  cand 2/3.1: graph_authoring_guide
  cand 2/3.2: (no calls)
  candidate 2/3: tier=suggest focus(uc)=+0.12 total=+1.12 Δm=+0.00 mutations=4
  cand 3/3.1: graph_authoring_guide,graph_authoring_guide,graph_authoring_guide
  cand 3/3.2: graph_mutate
  candidate 3/3: tier=suggest focus(uc)=-0.03 total=-0.03 Δm=+0.00 mutations=2
    pick: candidate 1 (judge=gate)
    winner applied (6 mutations)
[generate 3] phase=expand done=false
  cand 1/3.1: graph_authoring_guide
  cand 1/3.2: graph_mutate
    preflight blocked: R-18 Illegales Trace-Paar: FUNC io ACTOR (FUNC-login-initiate → ACTOR-user) — auch die Gegenrichtung ist nicht legal.
    preflight blocked: R-18 Illegales Trace-Paar: FUNC io ACTOR (FUNC-collab-edit-initiate → ACTOR-user) — auch die Gegenrichtung ist nicht legal.
    preflight blocked: R-18 Illegales Trace-Paar: FUNC io ACTOR (FUNC-export-initiate → ACTOR-user) — auch die Gegenrichtung ist nicht legal.
  candidate 1/3: tier=preflight-block focus(uc)=+0.00 total=+0.00 Δm=+0.00 mutations=0
  cand 2/3.1: graph_authoring_guide
  cand 2/3.2: graph_mutate
  candidate 2/3: tier=block focus(uc)=+0.00 total=+0.00 Δm=+0.00 mutations=0
  cand 3/3.1: graph_authoring_guide
  cand 3/3.2: graph_mutate
  candidate 3/3: tier=suggest focus(uc)=-0.00 total=-0.11 Δm=+7.92 mutations=21
    pick: candidate 3 (judge=gate)
    winner applied (21 mutations)
[generate 4] phase=expand done=false
  cand 1/3.1: graph_authoring_guide
  cand 1/3.2: (no calls)
    recovered text tool-call graph_authoring_guide
  cand 1/3: call failed (fetch failed) — skip
  candidate 1/3: no batch
  cand 2/3.1: graph_authoring_guide
  cand 2/3.2: (no calls)
    recovered text tool-call graph_authoring_guide
  cand 2/3.3: graph_mutate
    preflight: R-18 auto-flip: FUNC-collab-edit-apply compose FCHAIN-collab-edit-scenario → FCHAIN-collab-edit-scenario compose FUNC-collab-edit-apply (legal ist FCHAIN compose FUNC)
    preflight: R-18 auto-flip: FUNC-collab-edit-initiate compose FCHAIN-collab-edit-scenario → FCHAIN-collab-edit-scenario compose FUNC-collab-edit-initiate (legal ist FCHAIN compose FUNC)
    preflight: R-18 auto-flip: FUNC-collab-edit-sync compose FCHAIN-collab-edit-scenario → FCHAIN-collab-edit-scenario compose FUNC-collab-edit-sync (legal ist FCHAIN compose FUNC)
    preflight: R-18 auto-flip: FUNC-export-deliver compose FCHAIN-export-scenario → FCHAIN-export-scenario compose FUNC-export-deliver (legal ist FCHAIN compose FUNC)
    preflight: R-18 auto-flip: FUNC-export-generate compose FCHAIN-export-scenario → FCHAIN-export-scenario compose FUNC-export-generate (legal ist FCHAIN compose FUNC)
    preflight: R-18 auto-flip: FUNC-export-initiate compose FCHAIN-export-scenario → FCHAIN-export-scenario compose FUNC-export-initiate (legal ist FCHAIN compose FUNC)
    preflight: R-18 auto-flip: FUNC-login-complete compose FCHAIN-login-scenario → FCHAIN-login-scenario compose FUNC-login-complete (legal ist FCHAIN compose FUNC)
    preflight: R-18 auto-flip: FUNC-login-initiate compose FCHAIN-login-scenario → FCHAIN-login-scenario compose FUNC-login-initiate (legal ist FCHAIN compose FUNC)
    preflight: R-18 auto-flip: FUNC-login-validate compose FCHAIN-login-scenario → FCHAIN-login-scenario compose FUNC-login-validate (legal ist FCHAIN compose FUNC)
  candidate 2/3: tier=suggest focus(alloc)=+1.00 total=+0.93 Δm=+4.46 mutations=37
  cand 3/3.1: graph_authoring_guide
  cand 3/3.2: (no calls)
    recovered text tool-call graph_authoring_guide
  cand 3/3.3: graph_mutate
    preflight blocked: R-18 Illegales Trace-Paar: UC satisfy MOD (UC-collab-edit → MOD-collab-engine) — auch die Gegenrichtung ist nicht legal.
    preflight blocked: R-18 Illegales Trace-Paar: UC satisfy MOD (UC-export → MOD-export-service) — auch die Gegenrichtung ist nicht legal.
  candidate 3/3: tier=preflight-block focus(alloc)=+0.00 total=+0.00 Δm=+0.00 mutations=0
    pick: candidate 2 (judge=gate)
    winner applied (37 mutations)
[generate 5] phase=expand done=false
  cand 1/3.1: graph_authoring_guide,graph_authoring_guide,graph_authoring_guide,graph_authoring_guide
  cand 1/3.2: graph_mutate
  candidate 1/3: tier=auto-apply focus(uc)=+0.00 total=+0.00 Δm=+0.00 mutations=19
  cand 2/3.1: graph_authoring_guide,graph_authoring_guide,graph_authoring_guide,graph_authoring_guide
  cand 2/3.2: graph_mutate
  candidate 2/3: tier=suggest focus(uc)=+0.02 total=-0.13 Δm=-0.65 mutations=12
  cand 3/3.1: graph_authoring_guide
  cand 3/3.2: (no calls)
    preflight blocked: R-08 add-edge targetId: uid "REQ-authentication" existiert weder im Graph noch im Batch.
    preflight blocked: R-08 add-edge targetId: uid "REQ-real-time-updates" existiert weder im Graph noch im Batch.
    preflight blocked: R-08 add-edge targetId: uid "REQ-export-format" existiert weder im Graph noch im Batch.
  candidate 3/3: tier=preflight-block focus(uc)=+0.00 total=+0.00 Δm=+0.00 mutations=0
    pick: candidate 2 (judge=gate)
    winner applied (12 mutations)
[generate 6] phase=expand done=false
  cand 1/3.1: graph_authoring_guide
  cand 1/3.2: (no calls)
    recovered text tool-call graph_authoring_guide
  cand 1/3: call failed (fetch failed) — skip
  candidate 1/3: no batch
  cand 2/3.1: graph_authoring_guide
  cand 2/3.2: (no calls)
    recovered text tool-call graph_authoring_guide
  cand 2/3.3: graph_mutate
  candidate 2/3: tier=auto-apply focus(uc)=+0.00 total=+0.01 Δm=+0.00 mutations=28
  cand 3/3.1: graph_authoring_guide,graph_authoring_guide,graph_authoring_guide,graph_authoring_guide
  cand 3/3.2: graph_mutate
    preflight blocked: R-18 Illegales Trace-Paar: UC compose FUNC (UC-multiuser-live-updates → FUNC-live-update-broadcast) — auch die Gegenrichtung ist nicht legal.
  candidate 3/3: tier=preflight-block focus(uc)=+0.00 total=+0.00 Δm=+0.00 mutations=0
    pick: candidate 2 (judge=gate)
    winner applied (28 mutations)
[generate 7] phase=expand done=false
  stagnation x1: same generate prompt as last round
  cand 1/3.1: graph_authoring_guide
  cand 1/3.2: (no calls)
    recovered text tool-call graph_authoring_guide
  cand 1/3: call failed (fetch failed) — skip
  candidate 1/3: no batch
  cand 2/3.1: graph_authoring_guide
  cand 2/3.2: (no calls)
    preflight hint: Hinweis (kein Blocker): UC-multiuser-web-app-usage ähnlich vorhanden: UC-multiuser-web-app „Multiuser Web App Usage" (Ähnlichkeit 69%) — mergen oder differenzieren.
  candidate 2/3: tier=auto-apply focus(uc)=-0.00 total=+0.00 Δm=+0.00 mutations=5
  cand 3/3.1: graph_authoring_guide
  cand 3/3.2: (no calls)
    recovered text tool-call graph_authoring_guide
  cand 3/3.3: graph_mutate
  candidate 3/3: tier=auto-apply focus(uc)=+0.00 total=+0.00 Δm=+0.00 mutations=3
    pick: candidate 3 (judge=gate)
    winner applied (3 mutations)
[generate 8] phase=expand done=false
  cand 1/3.1: graph_authoring_guide
  cand 1/3.2: (no calls)
    recovered text tool-call graph_authoring_guide
  cand 1/3: call failed (fetch failed) — skip
  candidate 1/3: no batch
  cand 2/3.1: graph_authoring_guide
  cand 2/3.2: (no calls)
    recovered text tool-call graph_elements
  cand 2/3.3: graph_mutate
  candidate 2/3: tier=auto-apply focus(uc)=-0.00 total=+0.00 Δm=+0.00 mutations=6
  cand 3/3.1: graph_mutate
    preflight blocked: R-08 add-edge targetId: uid "REQ-multiuser-capability" existiert weder im Graph noch im Batch.
    preflight blocked: R-08 add-edge targetId: uid "REQ-live-updates" existiert weder im Graph noch im Batch.
    preflight blocked: R-08 add-edge targetId: uid "REQ-export-capability" existiert weder im Graph noch im Batch.
    preflight blocked: R-08 add-edge targetId: uid "REQ-collaborative-editing" existiert weder im Graph noch im Batch.
    preflight blocked: R-08 add-edge targetId: uid "REQ-authentication" existiert weder im Graph noch im Batch.
  candidate 3/3: tier=preflight-block focus(uc)=+0.00 total=+0.00 Δm=+0.00 mutations=0
    pick: candidate 2 (judge=gate)
    winner applied (6 mutations)
[generate 9] phase=expand done=false
  stagnation x1: same generate prompt as last round
  cand 1/3.1: graph_authoring_guide
  cand 1/3.2: (no calls)
    recovered text tool-call graph_authoring_guide
  cand 1/3: call failed (fetch failed) — skip
  candidate 1/3: no batch
  cand 2/3: call failed (fetch failed) — skip
  candidate 2/3: no batch
  cand 3/3.1: graph_authoring_guide
  cand 3/3.2: (no calls)
    recovered text tool-call graph_authoring_guide
  cand 3/3.3: graph_mutate
  candidate 3/3: tier=auto-apply focus(uc)=+0.00 total=+0.00 Δm=+0.00 mutations=2
    pick: candidate 3 (judge=gate)
    winner applied (2 mutations)
[generate 10] phase=expand done=false
  stagnation x2: same generate prompt as last round
  cand 1/3.1: graph_authoring_guide
  cand 1/3.2: (no calls)
    recovered text tool-call graph_authoring_guide
  cand 1/3.3: graph_mutate
  candidate 1/3: tier=auto-apply focus(uc)=+0.00 total=+0.00 Δm=+0.00 mutations=7
  cand 2/3.1: graph_authoring_guide
  cand 2/3.2: (no calls)
    recovered text tool-call graph_authoring_guide
  cand 2/3: call failed (fetch failed) — skip
  candidate 2/3: no batch
  cand 3/3.1: graph_authoring_guide
  cand 3/3.2: (no calls)
    recovered text tool-call graph_authoring_guide
  cand 3/3.3: graph_mutate
  candidate 3/3: tier=auto-apply focus(uc)=+0.00 total=+0.00 Δm=+0.00 mutations=2
    pick: candidate 1 (judge=gate)
    winner applied (7 mutations)
[generate 11] phase=expand done=false
  stagnation x3: same generate prompt as last round
  defer: uc:FC-03:FUNC-collab-edit-initiate,FUNC-collab-edit-sync,FUNC-export-generate
  cand 1/3.1: graph_authoring_guide
  cand 1/3.2: (no calls)
    recovered text tool-call graph_authoring_guide
  cand 1/3: call failed (fetch failed) — skip
  candidate 1/3: no batch
  cand 2/3.1: graph_authoring_guide
  cand 2/3.2: (no calls)
    recovered text tool-call graph_elements
  cand 2/3.3: graph_mutate
  candidate 2/3: tier=auto-apply focus(uc)=+0.00 total=+0.00 Δm=+0.00 mutations=2
  cand 3/3.1: graph_authoring_guide
  cand 3/3.2: graph_mutate
  candidate 3/3: tier=auto-apply focus(uc)=+0.00 total=+0.00 Δm=+0.00 mutations=3
    pick: candidate 3 (judge=gate)
    winner applied (3 mutations)
[generate 12] phase=expand done=false
  cand 1/3.1: graph_authoring_guide
  cand 1/3.2: (no calls)
    recovered text tool-call graph_authoring_guide
  cand 1/3.3: (no calls)
  candidate 1/3: tier=auto-apply focus(uc)=+0.00 total=+0.00 Δm=+0.00 mutations=6
  cand 2/3.1: graph_authoring_guide
  cand 2/3.2: (no calls)
    recovered text tool-call graph_authoring_guide
  cand 2/3.3: (no calls)
  candidate 2/3: tier=auto-apply focus(uc)=+0.00 total=+0.00 Δm=+0.00 mutations=6
  cand 3/3.1: graph_authoring_guide,graph_authoring_guide,graph_authoring_guide,graph_authoring_guide
  cand 3/3.2: graph_mutate
  candidate 3/3: tier=block focus(uc)=+0.00 total=+0.00 Δm=+0.00 mutations=0
    pick: candidate 1 (judge=gate)
    winner applied (6 mutations)
{
  "elements": 27,
  "traces": 78,
  "byType": {
    "SYS": 1,
    "UC": 5,
    "ACTOR": 2,
    "FCHAIN": 4,
    "FUNC": 12,
    "MOD": 3
  },
  "wall": 4033,
  "injectionCalls": 0,
  "modelUnfilteredCalls": 37
}
