[tool-offer] graphcode_graph_elements, graphcode_graph_get_node, graphcode_graph_impact, graphcode_graph_expand, graphcode_graph_context, graphcode_graph_mutate, graphcode_graph_readiness, graphcode_graph_authoring_guide, list_dir, read_file, grep
[generate 1] phase=seed done=false
  cand 1/3.1: graph_authoring_guide,graph_authoring_guide,graph_authoring_guide
  cand 1/3.2: graph_mutate
  candidate 1/3: tier=block focus(-)=+0.00 total=+0.00 Δm=+0.00 mutations=0
  cand 2/3.1: graph_authoring_guide,graph_authoring_guide,graph_authoring_guide
  cand 2/3.2: graph_mutate
  candidate 2/3: tier=suggest focus(-)=+0.00 total=+2.33 Δm=+7.50 mutations=19
  cand 3/3.1: graph_authoring_guide,graph_authoring_guide,graph_authoring_guide
  cand 3/3.2: graph_mutate
  candidate 3/3: tier=block focus(-)=+0.00 total=+0.00 Δm=+0.00 mutations=0
    pick: candidate 2 (judge=gate)
    winner applied (19 mutations)
[generate 2] phase=expand done=false
  cand 1/3.1: graph_authoring_guide,graph_authoring_guide
  cand 1/3.2: graph_mutate
  candidate 1/3: tier=suggest focus(uc)=+0.22 total=+1.22 Δm=+0.00 mutations=10
  cand 2/3.1: graph_authoring_guide,graph_authoring_guide,graph_authoring_guide
  cand 2/3.2: graph_elements
  cand 2/3.3: graph_mutate
  candidate 2/3: tier=suggest focus(uc)=+0.22 total=+1.22 Δm=+0.00 mutations=9
  cand 3/3.1: graph_mutate
  candidate 3/3: tier=suggest focus(uc)=+0.22 total=+1.22 Δm=+0.00 mutations=10
    pick: candidate 1 (judge=gate)
    winner applied (10 mutations)
[generate 3] phase=expand done=false
  cand 1/3.1: graph_elements,graph_elements
  cand 1/3.2: graph_authoring_guide,graph_authoring_guide
  cand 1/3.3: graph_elements
  cand 1/3.4: graph_mutate
  candidate 1/3: tier=suggest focus(uc)=+0.11 total=+0.11 Δm=+0.00 mutations=6
  cand 2/3.1: graph_authoring_guide,graph_authoring_guide,graph_authoring_guide
  cand 2/3.2: graph_mutate
  candidate 2/3: tier=block focus(uc)=+0.00 total=+0.00 Δm=+0.00 mutations=0
  cand 3/3.1: graph_authoring_guide,graph_authoring_guide,graph_authoring_guide
  cand 3/3.2: graph_elements,graph_elements,graph_elements
  cand 3/3.3: graph_elements,graph_elements,graph_elements
  cand 3/3.4: graph_elements,graph_elements
  cand 3/3.5: graph_mutate
  candidate 3/3: tier=suggest focus(uc)=+0.11 total=+0.11 Δm=+0.00 mutations=4
    pick: candidate 1 (judge=gate)
    winner applied (6 mutations)
[generate 4] phase=expand done=false
  cand 1/3.1: graph_elements,graph_authoring_guide,graph_authoring_guide
  cand 1/3.2: graph_elements
  cand 1/3.3: graph_mutate
  candidate 1/3: tier=suggest focus(uc)=+0.04 total=-0.14 Δm=-2.05 mutations=18
  cand 2/3.1: graph_elements
  cand 2/3.2: graph_elements
  cand 2/3.3: graph_elements
  cand 2/3.4: graph_authoring_guide
  cand 2/3.5: graph_mutate
  candidate 2/3: tier=suggest focus(uc)=+0.04 total=-0.14 Δm=-2.05 mutations=18
  cand 3/3.1: graph_authoring_guide,graph_authoring_guide
  cand 3/3.2: graph_elements,graph_elements,graph_elements
  cand 3/3.3: graph_mutate
  candidate 3/3: tier=suggest focus(uc)=+0.04 total=-0.14 Δm=-2.05 mutations=18
    pick: candidate 1 (judge=gate)
    winner applied (18 mutations)
[generate 5] phase=expand done=false
  cand 1/3.1: graph_authoring_guide
  cand 1/3.2: graph_authoring_guide,graph_authoring_guide
  cand 1/3.3: graph_elements
  cand 1/3.4: graph_elements
  cand 1/3.5: graph_mutate
  candidate 1/3: tier=suggest focus(alloc)=+1.00 total=+1.03 Δm=+10.67 mutations=13
  cand 2/3.1: graph_authoring_guide,graph_authoring_guide
  cand 2/3.2: graph_mutate
  candidate 2/3: tier=suggest focus(alloc)=+0.54 total=+0.55 Δm=+10.94 mutations=4
  cand 3/3.1: graph_authoring_guide,graph_authoring_guide
  cand 3/3.2: graph_elements,graph_elements,graph_elements,graph_elements
  cand 3/3.3: graph_mutate
  candidate 3/3: tier=suggest focus(alloc)=+0.76 total=+0.79 Δm=+10.88 mutations=10
    pick: candidate 1 (judge=gate)
    winner applied (13 mutations)
[generate 6] phase=expand done=false
  cand 1/3.1: graph_authoring_guide,graph_authoring_guide,graph_authoring_guide
  cand 1/3.2: graph_mutate
  candidate 1/3: tier=suggest focus(uc)=-0.05 total=-0.05 Δm=+0.00 mutations=3
  cand 2/3.1: graph_elements,graph_elements,graph_elements
  cand 2/3.2: graph_elements
  cand 2/3.3: graph_authoring_guide
  cand 2/3.4: graph_mutate
  candidate 2/3: tier=auto-apply focus(uc)=-0.01 total=-0.01 Δm=+0.00 mutations=5
  cand 3/3.1: graph_authoring_guide,graph_authoring_guide
  cand 3/3.2: (no calls)
  candidate 3/3: tier=suggest focus(uc)=-0.04 total=-0.04 Δm=-0.06 mutations=3
    pick: candidate 2 (judge=gate)
    winner applied (5 mutations)
[generate 7] phase=expand done=false
  cand 1/3.1: graph_authoring_guide,graph_authoring_guide,graph_authoring_guide
  cand 1/3.2: graph_mutate
  candidate 1/3: tier=suggest focus(uc)=-0.04 total=-0.04 Δm=+0.00 mutations=3
  cand 2/3.1: graph_authoring_guide
  cand 2/3.2: graph_elements
  cand 2/3.3: graph_elements
  cand 2/3.4: graph_elements
  cand 2/3.5: graph_get_node
  cand 2/3.6: graph_elements
  candidate 2/3: no batch
  cand 3/3.1: graph_authoring_guide,graph_authoring_guide
  cand 3/3.2: graph_mutate
    preflight hint: Hinweis (kein Blocker): UC-multiuser-zugriff ähnlich vorhanden: UC-multiuser-webapp „Multiuser-WebApp" (Ähnlichkeit 64%) — mergen oder differenzieren.
  candidate 3/3: tier=suggest focus(uc)=-0.04 total=-0.04 Δm=+0.00 mutations=3
    pick: candidate 1 (judge=gate)
    winner applied (3 mutations)
[generate 8] phase=expand done=false
  cand 1/3.1: graph_elements
  cand 1/3.2: graph_elements
  cand 1/3.3: graph_mutate
    preflight: R-18 auto-flip: FC-gemeinsam-harness-nutzen compose UC-gemeinsam-harness-nutzen → UC-gemeinsam-harness-nutzen compose FC-gemeinsam-harness-nutzen (legal ist UC compose FCHAIN)
  candidate 1/3: tier=suggest focus(uc)=+0.03 total=+0.04 Δm=+0.00 mutations=2
  cand 2/3.1: graph_elements,graph_elements,graph_elements
  cand 2/3.2: graph_authoring_guide,graph_authoring_guide,graph_authoring_guide
  cand 2/3.3: graph_mutate
  candidate 2/3: tier=suggest focus(uc)=+0.04 total=+0.04 Δm=-0.06 mutations=4
  cand 3/3.1: graph_authoring_guide,graph_authoring_guide,graph_authoring_guide
  cand 3/3.2: graph_mutate
    preflight: R-01 autocomplete: TEST-Stub TEST-verify-multiuser-fähig + verify-Kante für REQ-multiuser-fähig angehängt
  candidate 3/3: tier=suggest focus(uc)=+0.05 total=+0.68 Δm=-0.06 mutations=8
    pick: candidate 3 (judge=gate)
    winner applied (8 mutations)
[generate 9] phase=expand done=false
  cand 1/3.1: graph_get_node,graph_elements,graph_elements,graph_authoring_guide,graph_authoring_guide,graph_authoring_guide
  cand 1/3.2: graph_mutate
  candidate 1/3: tier=block focus(req)=+0.00 total=+0.00 Δm=+0.00 mutations=0
  cand 2/3.1: graph_get_node,graph_authoring_guide,graph_authoring_guide,graph_authoring_guide
  cand 2/3.2: (no calls)
    preflight blocked: R-18 Illegales Trace-Paar: UC satisfy REQ (UC-multiuser-collab → REQ-auth-login) — auch die Gegenrichtung ist nicht legal.
    preflight blocked: R-18 Illegales Trace-Paar: UC satisfy REQ (UC-multiuser-collab → REQ-collab-write) — auch die Gegenrichtung ist nicht legal.
    preflight blocked: R-18 Illegales Trace-Paar: UC satisfy REQ (UC-multiuser-collab → REQ-live-update) — auch die Gegenrichtung ist nicht legal.
    preflight blocked: R-18 Illegales Trace-Paar: UC satisfy REQ (UC-multiuser-collab → REQ-export-json) — auch die Gegenrichtung ist nicht legal.
  candidate 2/3: tier=preflight-block focus(req)=+0.00 total=+0.00 Δm=+0.00 mutations=0
  cand 3/3.1: graph_authoring_guide,graph_authoring_guide,graph_authoring_guide
  cand 3/3.2: graph_elements,graph_elements,graph_elements
  cand 3/3.3: graph_elements
  cand 3/3.4: graph_mutate
  candidate 3/3: tier=block focus(req)=+0.00 total=+0.00 Δm=+0.00 mutations=0
    all candidates block [R-18] — feeding best feedback back (repair 1/6)
  repair cand 2.1: graph_mutate
  candidate 2/3: tier=suggest focus(req)=+0.06 total=-0.01 Δm=+0.00 mutations=18
    pick: candidate 2 (judge=gate)
    winner applied (18 mutations)
[generate 10] phase=expand done=false
  cand 1/3.1: graph_elements,graph_elements
  cand 1/3.2: graph_elements
  cand 1/3.3: graph_impact
  cand 1/3.4: graph_authoring_guide
  cand 1/3.5: graph_mutate
  candidate 1/3: tier=suggest focus(uc)=+0.03 total=+0.03 Δm=+0.00 mutations=3
  cand 2/3.1: graph_elements,graph_authoring_guide,graph_authoring_guide,graph_authoring_guide
  cand 2/3.2: graph_mutate
  candidate 2/3: tier=suggest focus(uc)=+0.03 total=+0.04 Δm=-0.06 mutations=4
  cand 3/3.1: graph_elements,graph_authoring_guide,graph_authoring_guide,graph_authoring_guide
  cand 3/3.2: graph_elements,graph_elements
  cand 3/3.3: graph_get_node
  cand 3/3.4: graph_get_node,graph_get_node,graph_get_node
  cand 3/3.5: graph_mutate
  candidate 3/3: tier=suggest focus(uc)=+0.01 total=+0.01 Δm=+0.00 mutations=2
    pick: candidate 2 (judge=gate)
    winner applied (4 mutations)
[generate 11] phase=expand done=false
  cand 1/3.1: graph_authoring_guide
  cand 1/3.2: graph_mutate
  candidate 1/3: tier=auto-apply focus(uc)=+0.00 total=+0.00 Δm=+0.00 mutations=3
  cand 2/3.1: graph_authoring_guide,graph_authoring_guide
  cand 2/3.2: graph_mutate
    preflight hint: Hinweis (kein Blocker): UC-multiuser-governance ähnlich vorhanden: UC-multiuser-webapp „Multiuser-WebApp" (Ähnlichkeit 67%) — mergen oder differenzieren.
  candidate 2/3: tier=suggest focus(uc)=-0.03 total=-0.03 Δm=+0.00 mutations=3
  cand 3/3.1: graph_elements,graph_authoring_guide,graph_authoring_guide
  cand 3/3.2: graph_mutate
    preflight hint: Hinweis (kein Blocker): UC-multiuser-webapp|Multiuser-webapp ähnlich vorhanden: UC-multiuser-webapp „Multiuser-WebApp" (Ähnlichkeit 89%) — mergen oder differenzieren.
  candidate 3/3: tier=suggest focus(uc)=-0.03 total=-0.03 Δm=-0.05 mutations=3
    pick: candidate 1 (judge=gate)
    winner applied (3 mutations)
[generate 12] phase=expand done=false
  stagnation x1: same generate prompt as last round
  cand 1/3.1: (no calls)
    idle: 
  cand 1/3.2: (no calls)
    idle: 
  candidate 1/3: no batch
  cand 2/3.1: graph_elements,graph_elements,graph_elements
  cand 2/3.2: graph_get_node
  cand 2/3.3: graph_mutate
  candidate 2/3: tier=auto-apply focus(uc)=+0.00 total=+0.00 Δm=+0.00 mutations=6
  cand 3/3.1: graph_elements,graph_elements
  cand 3/3.2: graph_get_node
  cand 3/3.3: graph_get_node
  cand 3/3.4: graph_impact
  cand 3/3.5: graph_impact
  cand 3/3.6: graph_impact
  candidate 3/3: no batch
    pick: candidate 2 (judge=gate)
    winner applied (6 mutations)
{
  "elements": 43,
  "traces": 56,
  "byType": {
    "SYS": 1,
    "UC": 8,
    "ACTOR": 4,
    "FCHAIN": 7,
    "FUNC": 9,
    "REQ": 5,
    "TEST": 5,
    "MOD": 4
  },
  "wall": 2181,
  "modelToolCalls": {
    "graph_authoring_guide": 73,
    "graph_mutate": 31,
    "graph_elements": 58,
    "graph_get_node": 10,
    "graph_impact": 4
  },
  "unfilteredElementsCalls": 29
}
